// Jest Snapshot v1, https://goo.gl/fbAQLP

exports[`Fetcher component renders Fetcher 1`] = `
<DocumentFragment>
  <div
    class="fetcher"
  >
    <form>
      <input
        class="searchInput"
        data-testid="url"
        id="url"
        name="url"
        placeholder="URL"
        type="text"
        value=""
      />
      <div
        class="radioButtons"
      >
        <input
          id="get"
          name="method"
          type="radio"
          value="GET"
        />
        <label
          for="get"
        >
          GET
        </label>
        <input
          id="post"
          name="method"
          type="radio"
          value="POST"
        />
        <label
          for="post"
        >
          POST
        </label>
        <input
          id="put"
          name="method"
          type="radio"
          value="PUT"
        />
        <label
          for="put"
        >
          PUT
        </label>
        <input
          id="patch"
          name="method"
          type="radio"
          value="PATCH"
        />
        <label
          for="patch"
        >
          PATCH
        </label>
        <input
          id="delete"
          name="method"
          type="radio"
          value="DELETE"
        />
        <label
          for="delete"
        >
          DELETE
        </label>
      </div>
      <div>
        <button
          class="goButton"
          type="submit"
        >
          Go!
        </button>
      </div>
    </form>
    <form>
      <textarea
        data-testid="body"
        id="body"
        name="body"
        placeholder="Raw JSON Body"
        type="text"
      />
    </form>
  </div>
</DocumentFragment>
`;
