// Jest Snapshot v1, https://goo.gl/fbAQLP

exports[`Header component renders Header 1`] = `
<DocumentFragment>
  <header>
    <img
      src="../../public/assets/postcat.png"
    />
    <h1>
      Postcat
    </h1>
    <img
      src="../../public/assets/postcat.png"
    />
  </header>
</DocumentFragment>
`;
